// Jest Snapshot v1, https://goo.gl/fbAQLP

exports[`<Logo /> should render properly 1`] = `
<div
  className="logoContainer"
>
  <Component
    className="home_logo"
  />
  <h1
    className="title"
  >
    Picktus
  </h1>
  <style
    jsx={true}
  >
    
          .title {
            margin-left: 1rem;
            color: #FAC9B8;
            font-weight: 200;
            vertical-align: center;
            position: relative;
            top: 0.7rem;
            font-family: 'Caveat', cursive;
            font-size: 5rem;
            line-height: 4rem;
            font-family: 'Josefin Sans', sans-serif;
          }

          .logoContainer {
            display: flex;
            align-items: center;
            justify-content: center;
            padding: 2rem 1rem 2rem 0.8rem;
            box-sizing: border-box;
          }

          :global(.home_logo) {
            width: 6rem;
            height: 6rem;
          }
        
  </style>
</div>
`;
