// Jest Snapshot v1, https://goo.gl/fbAQLP

exports[`<SnackBarHandlerConnected /> should render properly 1`] = `
<ContextProvider
  value={null}
>
  <SnackBarHandler
    dismissSnackBar={[Function]}
    snackbars={Array []}
    store={
      Object {
        "clearActions": [Function],
        "dispatch": [Function],
        "getActions": [Function],
        "getState": [Function],
        "replaceReducer": [Function],
        "subscribe": [Function],
      }
    }
  />
</ContextProvider>
`;
