// Jest Snapshot v1, https://goo.gl/fbAQLP

exports[`<FormError /> should render properly 1`] = `
<div
  className="container"
>
  <Component
    className="icon"
  />
  <p>
    erreur
  </p>
  <style
    jsx={true}
  >
    
          p {
            line-height: 1rem;
            margin-top: 0.2rem;
            box-sizing: border-box;
          }

          .container {
            display: flex;
            align-items: center;
            font-family: 'Josefin Sans', sans-serif;
            font-size: 0.7rem;
            color: #F8F8F7;
            width: 100%;
            box-sizing: border-box;
            letter-spacing: 0.05rem;
            padding: 0.5rem 0rem 0.5rem 0.2rem;
            transition: 0.4s;
            outline: none;
            background-color: #982649cd;
            border-radius: 3px;
            margin: 0.5rem 0;
          }

          .icon {
            fill: #FAC9B8;
            min-width: 1.8rem;
            margin-right: 0.2rem;
          }
        
  </style>
</div>
`;
