// Jest Snapshot v1, https://goo.gl/fbAQLP

exports[`<App /> should render loader is showLoader is at true 1`] = `
<Background>
  <div
    className="page"
  >
    <Header />
    <MessageHandler />
    <Header />
    <TransitionGroup
      appear={false}
      childFactory={[Function]}
      className="app_transitiongroup"
      component="div"
    >
      <Transition
        appear={false}
        enter={true}
        exit={true}
        in={false}
        key=".0"
        mountOnEnter={true}
        onEnter={[Function]}
        onEntered={[Function]}
        onEntering={[Function]}
        onExit={[Function]}
        onExited={[Function]}
        onExiting={[Function]}
        timeout={600}
        unmountOnExit={true}
      >
        <Component />
      </Transition>
    </TransitionGroup>
    <style
      jsx={true}
    >
      
            .page {
              overflow: hidden;
              min-height: 100vh;
              display: flex;
              align-self: stretch;
              overflow: hidden;
              width: 100%;
              position: relative;
            }

            :global(.app_transitiongroup) {
              overflow: hidden;
              min-height: 100vh;
              display: flex;
              align-self: stretch;
              overflow: hidden;
              width: 100%;
            }

            :global(*) {
              padding: 0;
              margin: 0;
            }

            :global(html) {
              font-size: 90%;
            }

            @media (min-width: 720px) {
              :global(html) {
                font-size: 100%;
              }
            }
          
    </style>
  </div>
</Background>
`;

exports[`<App /> should render properly 1`] = `
<Background>
  <div
    className="page"
  >
    <Header />
    <MessageHandler />
    <TransitionGroup
      appear={false}
      childFactory={[Function]}
      className="app_transitiongroup"
      component="div"
    >
      <Transition
        appear={false}
        enter={true}
        exit={true}
        in={false}
        key=".0"
        mountOnEnter={true}
        onEnter={[Function]}
        onEntered={[Function]}
        onEntering={[Function]}
        onExit={[Function]}
        onExited={[Function]}
        onExiting={[Function]}
        timeout={600}
        unmountOnExit={true}
      >
        <Component />
      </Transition>
    </TransitionGroup>
    <style
      jsx={true}
    >
      
            .page {
              overflow: hidden;
              min-height: 100vh;
              display: flex;
              align-self: stretch;
              overflow: hidden;
              width: 100%;
              position: relative;
            }

            :global(.app_transitiongroup) {
              overflow: hidden;
              min-height: 100vh;
              display: flex;
              align-self: stretch;
              overflow: hidden;
              width: 100%;
            }

            :global(*) {
              padding: 0;
              margin: 0;
            }

            :global(html) {
              font-size: 90%;
            }

            @media (min-width: 720px) {
              :global(html) {
                font-size: 100%;
              }
            }
          
    </style>
  </div>
</Background>
`;
