// Jest Snapshot v1, https://goo.gl/fbAQLP

exports[`<Logo /> should render properly 1`] = `
<div
  className="logoContainer"
>
  <img
    className="logo"
    src="/static/logo.png"
  />
  <h1
    className="title"
  >
    Picktus
  </h1>
  <style
    jsx={true}
  >
    
          .title {
            margin-left: 1rem;
            color: #FAC9B8;
            font-weight: 200;
            vertical-align: center;
            position: relative;
            top: 1rem;
            font-family: 'Caveat', cursive;
            font-size: 6.5rem;
            line-height: 8rem;
            font-family: 'Josefin Sans', sans-serif;
          }

          .logoContainer {
            display: flex;
            align-items: center;
            justify-content: center;
            padding: 1rem;
            box-sizing: border-box;
          }

          .logo {
            max-width: 130px;
          }
        
  </style>
</div>
`;
