// Jest Snapshot v1, https://goo.gl/fbAQLP

exports[`<GlobalLoader /> should render properly 1`] = `
<div
  className="container"
>
  <div
    className="loaderContainer"
  >
    <Loader />
  </div>
  <style
    jsx={true}
  >
    
          .container {
            display: flex;
            justify-content: center;
            align-items: center;
            width: 8rem;
            height: 8rem;
            position: absolute;
            top: 50%;
            left: 50%;
            transform: translate3D(-50%, -50%, 0);
            z-index: 1000;
            width: 100%;
            min-height: 100%;
            background-color: #2d3047cd;
          }

          .loaderContainer {
            width: 10rem;
            height: 10rem;
          }
        
  </style>
</div>
`;
