// Jest Snapshot v1, https://goo.gl/fbAQLP

exports[`<ToolBar /> should render properly 1`] = `
<div
  className="toolbar"
>
  <Button
    text="disconnect"
  />
  <style
    jsx={true}
  >
    
          .toolbar {
            display: flex;
            justify-content: center;
            height: 100%;
            width: 100%;
            background-color: #2d3047;
          }
        
  </style>
</div>
`;
