// Jest Snapshot v1, https://goo.gl/fbAQLP

exports[`<Notification /> should render properly 1`] = `
<div>
  <div
    className="notification notification--undefined"
  />
  <style
    jsx={true}
  >
    
          .notification {
            display: flex;
            align-items: center;
            box-sizing: border-box;
            padding: 1rem;
            font-size: 1.2rem;
            font-family: 'Josefin Sans', sans-serif;
            color: #2d3047;
            width: 250px;
            min-height: 5rem;
            background-color: #FAC9B8;
            border-radius: 3px;
            box-shadow: 11px 10px 34px -7px rgba(0, 0, 0, 0.49);
          }

          .notification--ERROR {
            background-color: #982649;
            color: #F8F8F7;
          }

          .notification--SUCCESS {
            background-color: #75ab88;
            color: #F8F8F7;
          }

          .notification--WARNING {
            background-color: #F6BD60;
            color: #2d3047;
          }
        
  </style>
</div>
`;
