// Jest Snapshot v1, https://goo.gl/fbAQLP

exports[`<Header /> should render properly 1`] = `
<SideEffect(Head)>
  <title>
    Picktus
  </title>
  <link
    href="https://fonts.googleapis.com/css?family=Josefin+Sans:400|Caveat"
    rel="stylesheet"
  />
  <meta
    content="initial-scale=1.0, width=device-width"
    name="viewport"
  />
  <link
    href="/static/apple-touch-icon.png"
    rel="apple-touch-icon"
    sizes="180x180"
  />
  <link
    href="/static/favicon-32x32.png"
    rel="icon"
    sizes="32x32"
    type="image/png"
  />
  <link
    href="/static/favicon-16x16.png"
    rel="icon"
    sizes="16x16"
    type="image/png"
  />
  <link
    href="/static/site.webmanifest"
    rel="manifest"
  />
  <link
    color="#2d3047"
    href="/static/safari-pinned-tab.svg"
    rel="mask-icon"
  />
  <link
    href="/static/favicon.ico"
    rel="shortcut icon"
  />
  <meta
    content="#2d3047"
    name="msapplication-TileColor"
  />
  <meta
    content="/static/browserconfig.xml"
    name="msapplication-config"
  />
  <meta
    content="#2d3047"
    name="theme-color"
  />
</SideEffect(Head)>
`;
