// Jest Snapshot v1, https://goo.gl/fbAQLP

exports[`<Loader /> should render properly 1`] = `
<div
  className="container"
>
  <Component
    className="photo photo--first"
  />
  <Component
    className="photo photo--second"
  />
  <style
    jsx={true}
  >
    
          .container {
            position: relative;
            width: 100%;
            height: 100%;
          }

          :global(.photo) {
            max-width: 100%;
            max-height: 100%;
            position: absolute;
          }

          :global(.photo--second) {
            animation: photo 3000ms ease-out infinite;
          }

          :global(.photo--second .check) {
            stroke-dasharray: 1000;
            stroke-dashoffset: 1000;
            stroke-width: 22;
            fill: none;
            stroke-meterlimit: 10;
            animation: check 3000ms ease-out infinite;
          }

          @keyframes photo {
            0% {
              transform: translateY(-100%);
              opacity: 0;
            }

            20% {
              opacity: 1;
            }

            40% {
              transform: translateY(0%);
              opacity: 1;
            }

            80%,
            100% {
              opacity: 1;
            }
          }

          @keyframes check {
            0% {
              stroke-dashoffset: 1000;
            }

            40% {
              stroke-dashoffset: 1000;
              fill: #75ab88;
            }

            80%,
            100% {
              fill: #b3e099;
              stroke-dashoffset: 0;
            }
          }
        
  </style>
</div>
`;
