// Jest Snapshot v1, https://goo.gl/fbAQLP

exports[`<App /> should render properly 1`] = `
<ContextProvider
  value={null}
>
  <App
    showLoader={false}
    store={
      Object {
        "clearActions": [Function],
        "dispatch": [Function],
        "getActions": [Function],
        "getState": [Function],
        "replaceReducer": [Function],
        "subscribe": [Function],
      }
    }
    userLoginSuccess={[Function]}
  >
    <div />
  </App>
</ContextProvider>
`;
