// Jest Snapshot v1, https://goo.gl/fbAQLP

exports[`<Home /> should render properly 1`] = `
<Background>
  <div
    className="container"
  >
    <style
      jsx={true}
    >
      
            .container {
              width: 100%;
              height: 100vh;
              display: flex;
              align-items: center;
              flex-direction: column;
              padding: 2rem 0;
              box-sizing: border-box;
              overflow: auto;
            }
          
    </style>
  </div>
</Background>
`;
