// Jest Snapshot v1, https://goo.gl/fbAQLP

exports[`<TextSwitchButton /> should render properly 1`] = `
<button
  className="button"
  onClick={[Function]}
>
  <Transition
    appear={false}
    enter={true}
    exit={true}
    in={true}
    key="initial"
    mountOnEnter={true}
    onEnter={[Function]}
    onEntered={[Function]}
    onEntering={[Function]}
    onExit={[Function]}
    onExited={[Function]}
    onExiting={[Function]}
    timeout={200}
    unmountOnExit={true}
  >
    <Component />
  </Transition>
  <Transition
    appear={false}
    enter={true}
    exit={true}
    in={false}
    key="active"
    mountOnEnter={true}
    onEnter={[Function]}
    onEntered={[Function]}
    onEntering={[Function]}
    onExit={[Function]}
    onExited={[Function]}
    onExiting={[Function]}
    timeout={200}
    unmountOnExit={true}
  >
    <Component />
  </Transition>
  <style
    jsx={true}
  >
    
          .button {
            font-size: 0.9rem;
            line-height: 2.5rem;
            background-color: #FAC9B889;
            padding: 0 0.8rem;
            height: 2.3rem;
            font-family: 'Josefin Sans', sans-serif;
            color: #2d3047;
            border-radius: 3px;
            margin-bottom: 0.8rem;
            transition: background-color ease-in 200ms;
            border: none;
            width: 100%;
            outline: none;
            cursor: pointer;
            position: relative;
            overflow: hidden;
          }

          .button:hover {
            background-color: #FAC9B8cd;
          }

          .text {
            position: absolute;
            margin: 0;
            padding: 0;
            left: 50%;
            top: 50%;
            transform: translate(-50%, 50%);
            width: 100%;
            cursor: pointer;
          }

          .text--exiting,
          .text--exited {
            transition: all 200ms ease-in;
            transform: translate(-50%, 100%);
          }

          .text--entering {
            animation: slidedown 200ms ease-in;
          }

          .text--entered {
            transform: translate(-50%, -50%);
          }

          @keyframes slidedown {
            0% {
              transform: translate(-50%, -150%);
            }

            100% {
              transform: translate(-50%, -50%);
            }
          }
        
  </style>
</button>
`;
