// Jest Snapshot v1, https://goo.gl/fbAQLP

exports[`<SubscribeHandler /> should render properly 1`] = `
<div
  className="container"
>
  <Button
    activeText="I have an account!"
    initialText="You don't have an account?"
    onClick={[Function]}
  />
  <Transition
    appear={false}
    enter={true}
    exit={true}
    in={false}
    mountOnEnter={true}
    onEnter={[Function]}
    onEntered={[Function]}
    onEntering={[Function]}
    onExit={[Function]}
    onExited={[Function]}
    onExiting={[Function]}
    timeout={200}
    unmountOnExit={true}
  >
    <Component />
  </Transition>
  <style
    jsx={true}
  >
    
          .formContainer {
            left: 0;
            top: 3rem;
            position: absolute;
            width: 100%;
            z-index: 3;
            opacity: 0;
            transform: scale(1.2, 1.2);
          }

          .formContainer--loading::after {
            position: absolute;
          }

          .formContainer--entering {
            animation: fadein 200ms;
            opacity: 1;
            transform: scale(1, 1);
          }

          .formContainer--entered {
            opacity: 1;
            transform: scale(1, 1);
          }

          .formContainer--exiting,
          .formContainer--exited {
            transition: all 200ms ease-in;
            opacity: 0;
            transform: scale(1.2, 1.2);
          }

          .formContainer .form {
            display: flex;
            flex-direction: column;
            justify-content: center;
            align-items: center;
            border-radius: 3px;
            min-height: calc(100% - 4.1rem);
            padding: 1rem 0;
            background-color: #2d3047;
            margin-bottom: 1.5rem;
          }

          @keyframes fadein {
            0% {
              opacity: 0;
              transform: scale(1.2, 1.2);
            }

            100% {
              opacity: 1;
              transform: scale(1, 1);
            }
          }
        
  </style>
</div>
`;
