// Jest Snapshot v1, https://goo.gl/fbAQLP

exports[`<SubscribeHandler /> should render properly 1`] = `
<div
  className="container"
>
  <button
    className="trigger"
  >
    You don't have an account?
  </button>
  <div
    className="formContainer"
  >
    <div
      className="form"
    >
      <Input
        name="mail"
        onChange={[Function]}
        placeholder="Mail"
        type="text"
      />
      <Input
        name="password"
        onChange={[Function]}
        placeholder="Password"
        type="password"
      />
      <Input
        name="comfirmPassword"
        onChange={[Function]}
        placeholder="Confirm password"
        type="password"
      />
      <Button
        onClick={[Function]}
        text="Subscribe"
      />
    </div>
    <FormError
      text="Password must be minimum eight characters, 
            at least one letter, one number and one special character"
    />
    <FormError
      text="You must use a valid mail address"
    />
    <FormError
      text="Password comfirmation does not match password"
    />
  </div>
  <style
    jsx={true}
  >
    
          .trigger {
            font-size: 0.9rem;
            line-height: 2.5rem;
            background-color: #FAC9B889;
            padding: 0 0.8rem;
            height: 2.3rem;
            font-family: 'Josefin Sans', sans-serif;
            color: #2d3047;
            border-radius: 3px;
            margin-bottom: 1.3rem;
            transition: background-color ease-in 200ms;
            border: none;
            width: 100%;
            outline: none;
            cursor: pointer;
          }

          .trigger:hover {
            background-color: #FAC9B8cd;
          }

          .formContainer {
            left: 0;
            top: 3rem;
            position: absolute;
            width: 100%;
            z-index: 2;
          }

          .form {
            display: flex;
            flex-direction: column;
            justify-content: center;
            align-items: center;
            border-radius: 3px;
            min-height: calc(100% - 4.1rem);
            padding: 1rem 0;
            background-color: #2d3047;
            margin-bottom: 1.5rem;
          }
        
  </style>
</div>
`;
